
# weanetr.dll
?BFAID_MODEM@@3U_GUID@@A -1
?ShutdownNetwork@MLDPlay@@QAEHXZ -1
?StartupNetwork@MLDPlay@@QAEHP6GXKPAXKK0@Z@Z -1
?DumpPlayer@MLDPlay@@QAEHK@Z -1
?GetSessionDesc@MLDPlay@@QAEKPAUMLDPLAY_SESSIONDESC@@PAK@Z -1
?SetSessionDesc@MLDPlay@@QAEKPAUMLDPLAY_SESSIONDESC@@K@Z -1
?GetPlayerInfo@MLDPlay@@QAEHPAUMLDPLAY_PLAYERINFO@@@Z -1
?EnumerateServices@MLDPlay@@QAEHP6GXPAXPAGPAU_GUID@@K0@Z0@Z -1
?GetCurrentMs@MLDPlay@@QAEKXZ -1
?GetPlayerDesc@MLDPlay@@QAEKPAUMLDPLAY_PLAYERINFO@@K@Z -1
?BFAID_INet@@3U_GUID@@A -1
?CreateNetworkAddress@MLDPlay@@QAEHPAXK0PAK@Z -1
?EnumerateSessions@MLDPlay@@QAEHKP6GXPAUMLDPLAY_SESSIONDESC@@PAX@ZK1@Z -1
?CreateSession@MLDPlay@@QAEHPAKPAG1PAXK@Z -1
?JoinSession@MLDPlay@@QAEHPAUMLDPLAY_SESSIONDESC@@PAKPAGPAX@Z -1
?SendChat@MLDPlay@@QAEHKPAGKPAK@Z -1
?SendData@MLDPlay@@QAEHKPAXKKPAK@Z -1
?DestroySession@MLDPlay@@QAEHXZ -1
?EnableNewPlayers@MLDPlay@@QAEXH@Z -1

# KeRNeL32.dll
lstrcpyA 8
GetVersionExA 4
GetCommandLineA 0
GlobalMemoryStatus 4
InterlockedExchange 8
InterlockedIncrement 4
GetLastError 0
InterlockedDecrement 4
SetThreadPriority 8
GetCurrentThread 0
UnmapViewOfFile 4
MapViewOfFile 20
CreateFileMappingA 24
CreateFileA 28
FileTimeToSystemTime 8
GetEnvironmentStrings 0
FreeEnvironmentStringsW 4
FreeEnvironmentStringsA 4
GetModuleFileNameA 12
VirtualAlloc 16
VirtualFree 12
HeapCreate 12
HeapDestroy 4
UnhandledExceptionFilter 4
LCMapStringW 24
LCMapStringA 24
TlsGetValue 4
SetLastError 4
TlsAlloc 0
FileTimeToLocalFileTime 8
GetEnvironmentStringsW 0
CompareFileTime 8
GetVersion 0
GetStartupInfoA 4
GetModuleHandleA 4
LeaveCriticalSection 4
Sleep 4
OutputDebugStringA 4
IsDBCSLeadByte 4
WideCharToMultiByte 32
MultiByteToWideChar 24
SetEnvironmentVariableA 8
CompareStringW 24
CompareStringA 24
GetLocaleInfoW 16
SetEndOfFile 4
SetStdHandle 8
HeapFree 12
HeapAlloc 12
HeapReAlloc 16
GetSystemTime 4
GetTimeZoneInformation 4
GetCurrentProcess 0
GetLocaleInfoA 16
IsBadCodePtr 4
IsBadWritePtr 8
SetUnhandledExceptionFilter 4
GetStringTypeW 16
GetStringTypeA 20
GetDateFormatA 24
GetTimeFormatA 24
HeapSize 12
CloseHandle 4
CreateThread 24
TlsSetValue 8
GetComputerNameA 8
WaitForSingleObject 8
GetTickCount 0
DeleteCriticalSection 4
InitializeCriticalSection 4
RaiseException 16
ResumeThread 4
GetCurrentThreadId 0
RtlUnwind 16
FlushFileBuffers 4
IsBadReadPtr 8
GetSystemInfo 4
GetFileSize 8
GetCPInfo 8
MapViewOfFileEx 24
CreateDirectoryA 8
WriteFile 20
ReadFile 20
SetFilePointer 16
CreateEventA 16
GetExitCodeThread 8
ResetEvent 4
SetEvent 4
CreateMutexA 12
WaitForMultipleObjects 16
GetProcAddress 8
TerminateProcess 8
LoadLibraryA 4
FreeLibrary 4
GetVolumeInformationA 32
GetLogicalDriveStringsA 8
GetDriveTypeA 4
ReleaseSemaphore 12
CreateSemaphoreA 16
QueryPerformanceFrequency 4
GetFileType 4
GetStdHandle 4
SetHandleCount 4
GetOEMCP 0
EnterCriticalSection 4
GetACP 0
ExitProcess 4
ExitThread 4
FindClose 4
GetLocalTime 4
QueryPerformanceCounter 4
RemoveDirectoryA 4
GetFileAttributesA 4
SetFileAttributesA 8
FindFirstFileA 8
DeleteFileA 4
FindNextFileA 8
MoveFileA 8

# USER32.dll
ShowCursor 4
SwapMouseButton 4
GetDoubleClickTime 0
GetForegroundWindow 0
SetWindowPos 28
RegisterClassA 4
AdjustWindowRect 12
MessageBoxW 16
GetKeyboardType 4
MessageBoxA 16
ClientToScreen 8
GetClientRect 8
GetClassInfoExA 12
GetSystemMetrics 4
CreateWindowExA 48
GetSystemMenu 8
EnableMenuItem 12
UpdateWindow 4
SetFocus 4
LoadIconA 8
LoadCursorA 8
RegisterClassExA 4
DestroyWindow 4
ShowWindow 8
IsIconic 4
SetWindowLongA 12
PeekMessageA 20
DefWindowProcA 16
GetKeyboardLayout 4
SetCursor 4
SystemParametersInfoA 16
TranslateMessage 4
DispatchMessageA 4

# ADVAPI32.dll
RegQueryValueExA 24
RegOpenKeyExA 20
GetUserNameA 8
RegCreateKeyExA 36
RegSetValueExA 24
RegOpenKeyA 12
RegCloseKey 4

# ole32.dll
CoUninitialize 0
CoInitialize 4
CoCreateInstance 20

# WINMM.dll
timeGetTime 0
mmioFlush 8
mmioClose 8
mmioRead 12
mmioSeek 12
mmioOpenA 12
mmioSetBuffer 16
mciSendCommandA 16
midiOutOpen 20
mmioWrite 12
midiOutGetDevCapsA 12
midiOutLongMsg 12
midiOutPrepareHeader 12
midiOutClose 4
midiOutGetNumDevs 0
midiOutShortMsg 8

# QMIXER.dll
QSWaveMixSetFrequency -1
QSWaveMixOpenChannel -1
QSWaveMixActivate -1
QSWaveMixInitEx -1
QSWaveMixSetOptions -1
QSWaveMixCloseSession -1
QSWaveMixEnableChannel -1
QSWaveMixSetPanRate -1
QSWaveMixOpenWaveEx -1
QSWaveMixPlayEx -1
QSWaveMixFreeWave -1
QSWaveMixConfigureChannel -1
QSWaveMixStopChannel -1
QSWaveMixSetListenerOrientation -1
QSWaveMixSetSpeakerPlacement -1
QSWaveMixSetSpeedOfSound -1
QSWaveMixSetDistanceMapping -1
QSWaveMixSetListenerPosition -1
QSWaveMixSetVolume -1
QSWaveMixSetSourcePosition -1
QSWaveMixSetListenerVelocity -1
QSWaveMixPauseChannel -1
QSWaveMixSetPosition -1
QSWaveMixRestartChannel -1
QSWaveMixGetDirectSoundBuffer -1
QSWaveMixGetDirectSound -1
QSWaveMixSetSourceCone -1

# IMM32.dll
ImmSetCompositionWindow 8
ImmSetCompositionStringA 24
ImmNotifyIME 16
ImmGetCompositionStringA 16
ImmSetOpenStatus 8
ImmGetCandidateListA 16
ImmGetOpenStatus 4
ImmGetDescriptionA 12
ImmAssociateContext 8
ImmGetContext 4
ImmReleaseContext 8
ImmCreateContext 0
ImmDestroyContext 4

# WSOCK32.dll
WSACleanup 0
inet_ntoa 4
gethostbyname 4
gethostname 8
WSAStartup 8

# DSOUND.dll
DirectSoundCreate 12

# GDI32.dll
GetDeviceCaps 8
GetStockObject 4
DeleteDC 4
CreateDCA 16
GetSystemPaletteEntries 16

# DINPUT.dll
DirectInputCreateA -1

# DDRAW.dll
DirectDrawCreate 12
DirectDrawEnumerateA 8
