# va comment

006477F0 int WinMain(HINSTANCE, HINSTANCE, CHAR *, int);  /* auto */
005A5DA0 int __cdecl dk2_main(int, const CHAR **);      /* auto */
005B74A0 void resolveDk2HomeDir();  // ---------------  /* auto */
005A63B0 int __cdecl parse_command_line(int, const char **);  /* auto */

# engine
0058A150 void drawTexToSurfTriangles();  // ----------  /* auto */
00592B80 void __cdecl renderer_setSurfaceHolder(SurfaceHolder *, uint32_t);  /* auto */
005573C0 BOOL collect_devices_DDEnumCB(_GUID *, const CHAR *, const CHAR *, void *);  /* auto */
00557980 BOOL collect_displayModes_DDEnumCB(_GUID *, CHAR *, CHAR *, HWND);  /* auto */
005B4DE0 int *__cdecl createDirectDrawObject(int *, _GUID *, IDirectDraw **);  /* auto */
005578E0 int getDevIdxSupportsLinearPerspective();      /* auto */

# CFrontEndComponent.h
005340F0 void showTitleScreen();  // -----------------  /* auto */

# CGameComponent.h
00525370 CGameComponent *mainGuiLoop();  // ----------  /* auto */

# CDefaultPlayerInterface.h
00406DF0 int tickKeyboard2();  // --------------------  /* auto */
00409E30 int __cdecl CDefaultPlayerInterface_chatCallback(void *, MessageData *, CDefaultPlayerInterface *);  /* auto */

# MyDxMouse.h
005BC760 int *__cdecl MyDxMouse_create(int *, MyDxMouse **);  /* auto */
005DDA90 void handleData(int);  // -------------------  /* auto */

# MyDxInputManagerCb.h
005BC210 uint32_t *onWindowActivated(uint32_t *, int);  /* auto */

# MyDxKeyboard.h
005DE260 int processKeyboardData(int);  // -----------  /* auto */


# CWindowTest.h
00556650 LRESULT CWindowTest_proc(HWND, uint32_t, WPARAM, LPARAM);  /* auto */
005B5070 LRESULT BullfrogWindow_proc(HWND, uint32_t, WPARAM, LPARAM);  /* auto */
005B2E70 int __cdecl getCustomDefWindowProcA();  // --  /* auto */

# MyGame.h
00557CB0 int init();  // -----------------------------  /* auto */
00557FB0 int isOsCompatible();  // -------------------  /* auto */
005581B0 int prepareScreenEx(uint32_t, uint32_t, uint32_t, int, int, int);  /* auto */

# MyResources.h
0055C020 MyResources *init_resources();  // ----------  /* auto */

# MyInputManagerCb.h
# 005BB1C0 int *initMouse(int *);  // ------------------  /* auto */

# MyDxInputManagerCb.h
005BC060 int *initMouse(int *);  // ------------------  /* auto */

# CCreature.h
00498E30 int processDealDamage();  // ----------------  /* auto */

# CTextBox.h
00537E10 void __cdecl CTextBox_renderVersion(CTextBox *, CFrontEndComponent *);  /* auto */

# CTextInput.h
0052AA10 int fun_52AA10_configure(ButtonCfg *);  // --  /* auto */

# CPlayer.h
00506B50 BOOL testManufactureCompleted(uint16_t);       /* auto */
00506B70 int getManufactureRequired(uint16_t);  // ---  /* auto */
004C3200 int creatureDidWorkshopWork(int, CCreature *);  /* auto */
004E8D30 void resetCreaturesState();  // -------------  /* auto */

004C5C30 int fun_4C5C30_buildRoom(int, int, int, int, int, int, int);  /* auto */
004C5DB0 int destroyRoom(int, int, int);  // ---------  /* auto */

# MyRooms.h
004ED1A0 int sub_4ED1A0(int, int, int, int16_t, uint16_t, uint8_t *, int);  /* auto */
004EC000 int createRooms(CWorld *);  // --------------  /* auto */

# CRoom.h
004D5FA0 int tickWoodenBridge();  // -----------------  /* auto */
004EC490 int createRoom(int, uint16_t, uint16_t *);     /* auto */

# CBridge.h
0043E320 void sub_43E320(uint32_t, uint32_t, MyTerrainDataObj *, CEngineStaticMeshDataArrays *);  /* auto */
00443610 void sub_443610(int, uint32_t, MyMapElement *, MyTerrainDataObj *, CEngineStaticMeshDataArrays *);  /* auto */

# CMap.h
00450770 uint32_t attachToRoom(int, int, uint16_t, int16_t, int, int);  /* auto */

# CComputerPlayer.h
004FE0B0 char tickRespondToAttack(char);  // ---------  /* auto */

# PlayerCfg.h
005604C0 void fillKeyMaps();  // ---------------------  /* auto */

# RegKey.h
00562200 uint32_t *settings_writeBytes(uint32_t *, const CHAR *, uint32_t, uint8_t *, uint32_t);  /* auto */
00562260 uint32_t *settings_readBytes(uint32_t *, const CHAR *, uint8_t *, uint32_t);  /* auto */
005622B0 uint32_t settings_readBytesCount(const CHAR *);  /* auto */
005626C0 int *settings_readValue(int *, LPCSTR, uint32_t *);  /* auto */

# CCamera.h
00449CA0 void zoomRel_449CA0(int);  // ---------------  /* auto */

