# va comment

00634860 void *___onexitinit();  // ------------------  /* auto */
006477F0 int WinMain(HINSTANCE, HINSTANCE, CHAR *, int);  /* auto */
005A5DA0 int __cdecl dk2_main(int, const CHAR **);      /* auto */
005B74A0 void resolveDk2HomeDir();  // ---------------  /* auto */
005A63B0 int __cdecl parse_command_line(int, const char **);  /* auto */
00528080 int __cdecl cmd_dumpPlayer(int, int);  // ---  /* auto */
005278C0 int cmd_Game();  // -------------------------  /* auto */
005306F0 int __cdecl CButton_leftClick_changeMenu(uint32_t, int, CFrontEndComponent *);  /* auto */
00545FC0 uint8_t __cdecl Button_addAiPlayer(int, int, CFrontEndComponent *);  /* auto */
00543840 int __cdecl __onMapSelected(CButton *, int, CFrontEndComponent *);  /* auto */
0053FC40 char lobbyMapWasChanged(int);  // -------------------  /* auto */
00546300 int initMaxPlayers(uint8_t);  // ------------  /* auto */

# engine
0058A150 void drawTexToSurfTriangles();  // ----------  /* auto */
00592B80 void __cdecl renderer_setSurfaceHolder(SurfaceHolder *, uint32_t);  /* auto */
005573C0 BOOL collect_devices_DDEnumCB(_GUID *, const CHAR *, const CHAR *, void *);  /* auto */
00557980 BOOL collect_displayModes_DDEnumCB(_GUID *, CHAR *, CHAR *, HWND);  /* auto */
005B4DE0 int *__cdecl createDirectDrawObject(int *, _GUID *, IDirectDraw **);  /* auto */
005578E0 int getDevIdxSupportsLinearPerspective();      /* auto */
00573ED0 int __cdecl mydd_scene_init(IDirectDraw *, IDirectDrawSurface *, IDirectDrawSurface *, _GUID *, int16_t, int);  /* auto */
00592EA0 int __cdecl mydd_devTexture_init(MyDirectDraw *);  /* auto */
00575780 bool __cdecl engine_drawScene(char);  // ----  /* auto */
00571910 void __cdecl engine_set_g2_screenArea(int, int, int, int);  /* auto */

# SurfaceHolder
00591ED0 int calcWeight();  // -----------------------  /* auto */

# SurfHashList
//*00592890*/ SurfHashList *clear();  // ------------------  /* auto */
00592DB0 void constructor(MyCEngineSurfDesc *, int);    /* auto */
//*005935C0*/ void markAndDeleteP1of4_recursive();  // ----  /* auto */
00594170 void putNode(SurfHashListItem *);  // -------  /* auto */
005941B0 void expandPut(MyCESurfHandle *, SurfHashListItem *);  /* auto */
00594790 void deleteItem(SurfHashListItem *);  // ----  /* auto */
005948D0 int _probablySort();  // --------------------  /* auto */

# CFrontEndComponent.h
005340F0 void showTitleScreen();  // -----------------  /* auto */
005435E0 char sub_5435E0(int, CFrontEndComponent *);    /* auto */
00543F80 uint32_t broadcastMsg_0x65();  // -----------  /* auto */
0054DD10 char sub_54DD10(int);  // -------------------  /* auto */
00543D40 char sendMsg_0x65(uint32_t);  // ------------  /* auto */
00543E40 void sub_543E40(int, int);  // --------------  /* auto */
0054D760 char createMultiplayerGame();  // -----------  /* auto */
0054D920 char joinMultiplayerGame(int);  // ----------  /* auto */
00542980 void sub_542980(FoundPlayService *);  // ----  /* auto */
00534210 int load();  // -----------------------------  /* auto */
0052F140 int launchGame();  // -----------------------  /* auto */
0054D370 char updateNetworkSessions();  // -----------  /* auto */
0053ED60 void isMapPresent(SessionMapInfo *, wchar_t *);  /* auto */

# CGameComponent.h
00525370 CGameComponent *mainGuiLoop();  // ----------  /* auto */

# CWindowTest.h
00556330 int *probably_do_show_window_ev0_7(int *, AABB *);  /* auto */
00555F30 int *recreateBullfrog(int *);  // -----------  /* auto */
00556030 void createBackSurface();  // ---------------  /* auto */

# CDefaultPlayerInterface.h
00406DF0 int tickKeyboard2();  // --------------------  /* auto */
00409E30 int __cdecl CDefaultPlayerInterface_chatCallback(void *, MessageData *, CDefaultPlayerInterface *);  /* auto */
00408EE0 void handleRightClick(uint32_t, ObjUnderHand *);  /* auto */
004BC710 int dropItemFromHand(Vec3i *, uint16_t *);     /* auto */
0040E0D0 void tickThingsInHand();  // ----------------  /* auto */
00406530 BOOL __cdecl CDefaultPlayerInterface_onMouseAction(int, uint32_t, Pos2i, CDefaultPlayerInterface *);  /* auto */
0040DAB0 void pushDropThingFromHandAction(CThing *, ObjUnderHand *);  /* auto */
0040D8F0 BOOL checkAllowToDrop(CThing *, int, int);     /* auto */
00402D00 int fun_402D00(uint16_t);  // ---------------  /* auto */
004098D0 int fun_4098D0();  // -----------------------  /* auto */
0042C7D0 int sub_42C7D0(int, int, int, const char *, RtGuiView *);  /* auto */
0042CEE0 void sub_42CEE0(RtGuiView *, int, int, int);   /* auto */
0042CDF0 void createSurfacesForView_42CDF0(RtGuiView *);  /* auto */

# MyDxMouse.h
005BC760 int *__cdecl MyDxMouse_create(int *, MyDxMouse **);  /* auto */
005DDA90 void handleData(int);  // -------------------  /* auto */

# MyDxInputManagerCb.h
005BC210 uint32_t *onWindowActivated(uint32_t *, int);  /* auto */

# MyDxKeyboard.h
005DE260 int processKeyboardData(int);  // -----------  /* auto */


# CWindowTest.h
00556650 LRESULT CWindowTest_proc(HWND, uint32_t, WPARAM, LPARAM);  /* auto */
005B5070 LRESULT BullfrogWindow_proc(HWND, uint32_t, WPARAM, LPARAM);  /* auto */
005B2E70 int __cdecl getCustomDefWindowProcA();  // --  /* auto */

# MyGame.h
00557CB0 int init();  // -----------------------------  /* auto */
00557FB0 int isOsCompatible();  // -------------------  /* auto */
005581B0 int prepareScreenEx(uint32_t, uint32_t, uint32_t, int, int, int);  /* auto */
005596D0 void removeWmActivateCallback(void *);  // --  /* auto */

# MyResources.h
0055C020 MyResources *init_resources();  // ----------  /* auto */
0059A4B0 MySurface *__cdecl MyResources_loadPng(char *);  /* auto */

# MyInputManagerCb.h
# 005BB1C0 int *initMouse(int *);  // ------------------  /* auto */

# MyDxInputManagerCb.h
005BC060 int *initMouse(int *);  // ------------------  /* auto */

# CCreature.h
00498E30 int processDealDamage();  // ----------------  /* auto */
0045A8B0 void updateIsAttackable();  // --------------  /* auto */
0048E6A0 BOOL _belongsTo(int16_t);  // ---------------  /* auto */
004B5F70 char *deleting_destructor(char);  // --------  /* auto */
004B5E10 void constructor();  // ---------------------  /* auto */

# MyCreatureCollection
004B5A10 int32_t createCreatures(CWorld *);  // ------  /* auto */
004B75C0 int32_t fun_4B75C0();  // -------------------  /* auto */
004B5FD0 void clear();  // ---------------------------  /* auto */

# CTextBox.h
00537E10 void __cdecl CTextBox_renderVersion(CTextBox *, CFrontEndComponent *);  /* auto */

# CTextInput.h
0052AA10 int fun_52AA10_configure(ButtonCfg *);  // --  /* auto */

# CClickButton.h
00528610 CClickButton *handleClick(CDefaultPlayerInterface *);  /* auto */

# CPlayer.h
00506B50 BOOL testManufactureCompleted(uint16_t);       /* auto */
00506B70 int getManufactureRequired(uint16_t);  // ---  /* auto */
004C3200 int creatureDidWorkshopWork(int, CCreature *);  /* auto */
004E8D30 void resetCreaturesState();  // -------------  /* auto */
004C0EE0 int act4_dropThingFromHand();  // -----------  /* auto */

004C5C30 int fun_4C5C30_buildRoom(int, int, int, int, int, int, int);  /* auto */
004C5DB0 int destroyRoom(int, int, int);  // ---------  /* auto */

# MyRooms.h
004ED1A0 int sub_4ED1A0(int, int, int, int16_t, uint16_t, uint8_t *, int);  /* auto */
004EC000 int createRooms(CWorld *);  // --------------  /* auto */

# CRoom.h
004D5FA0 int tickWoodenBridge();  // -----------------  /* auto */
004EC490 int createRoom(int, uint16_t, uint16_t *);     /* auto */

# CBridge.h
0043E320 void sub_43E320(uint32_t, uint32_t, MyTerrainDataObj *, CEngineStaticMeshDataArrays *);  /* auto */
00443610 void sub_443610(int, uint32_t, MyMapElement *, MyTerrainDataObj *, CEngineStaticMeshDataArrays *);  /* auto */

# CMap.h
00450770 uint32_t attachToRoom(int, int, uint16_t, int16_t, int, int);  /* auto */

# CComputerPlayer.h
00500C20 int tick();  // -----------------------------  /* auto */
004FE0B0 char tickRespondToAttack(char);  // ---------  /* auto */

# PlayerCfg.h
005604C0 void fillKeyMaps();  // ---------------------  /* auto */

# RegKey.h
005620E0 int *create_BfProdLtd_key(int *, LPCSTR, int);  /* auto */
005621E0 void close();  // ---------------------------  /* auto */
00562200 int *write_bytes(int *, LPCSTR, uint32_t, uint8_t *, uint32_t);  /* auto */
00562260 int *read_Bytes(int *, LPCSTR, uint8_t *, uint32_t);  /* auto */
005622B0 uint32_t read_Bytes_size(LPCSTR);  // -------  /* auto */
005622F0 int *write_GUID(int *, LPCSTR, _GUID *);       /* auto */
005623A0 int *read_GUID(int *, LPCSTR, _GUID *);  // -  /* auto */
005624D0 int *write_String(int *, LPCSTR, const char *);  /* auto */
00562520 int *read_String(int *, LPCSTR, char *, int, char *);  /* auto */
00562670 int *write_DWORD(int *, LPCSTR, uint32_t);     /* auto */
005626C0 int *read_DWORD(int *, LPCSTR, uint32_t *);    /* auto */
005627C0 int *open_key(int *, LPCSTR, RegKey *);  // -  /* auto */
00562860 int *create_key(int *, LPCSTR, RegKey *);      /* auto */

# CCamera.h
00449CA0 void zoomRel_449CA0(int);  // ---------------  /* auto */

# CWorld.h
00519F90 int WorldTrigger_cpp_519F90(int16_t, int, int);  /* auto */
00509340 BOOL checkAllowObjectToDrop_509340(int, int, uint16_t, int);  /* auto */
0050FD10 int saveToFile(const char *);  // -----------  /* auto */
0050FD70 int loadFromFile(const char *);  // ---------  /* auto */

# WeaNetR.h
00559BE0 int init();  // -----------------------------  /* auto */
00559CB0 void destroy();  // -------------------------  /* auto */
00559D00 int reinitializeNetworkSystem();  // --------  /* auto */
00559FE0 int SetupConnection(net::MyLocalService *);    /* auto */
0055AC20 int sendDataMessage(void *, uint32_t, uint32_t);  /* auto */
0055AC90 int sendGuaranteedData(void *, uint32_t, uint32_t);  /* auto */
0055A6F0 int getCurrentPlayersCount(int *);  // ------  /* auto */
0055A770 int collectPlayerInfo(WeanetrPlayerInfo *, uint32_t *);  /* auto */
0055AD00 int getPlayerInfo();  // --------------------  /* auto */
0055AD70 int updatePlayers_isHost();  // -------------  /* auto */
0055AE30 int getCurrentPlayerIdx();  // --------------  /* auto */
0055A5B0 int createSession(wchar_t *, wchar_t *, uint32_t *, int);  /* auto */
0055A740 BOOL isPlayerJoined(uint32_t);  // ----------  /* auto */
0055A430 BOOL collectNetworkSessions();  // ----------  /* auto */
0055AED0 int enumerateSessions(int);  // -------------  /* auto */
0055A650 int joinNetworkSession(FoundSessionDesc *, wchar_t *, uint32_t *);  /* auto */
0055ABB0 int sendChatMessage(uint16_t *, uint32_t);     /* auto */

# NetworkCfg.h
0055E0C0 int appendIpWithHostname();  // -------------  /* auto */

# CNetworkCommunication.h
00522FA0 BOOL collectActions(GameActionCtx *);  // ---  /* auto */
00523DC0 uint32_t fun_523DC0(int);  // ---------------  /* auto */
00524970 int handleDm_3(DataMessage_3 *, uint32_t);     /* auto */
00524240 void __cdecl CNetworkCommunication_dataCallback(void *, int, uint32_t, CNetworkCommunication *);  /* auto */

# GUI
00532670 char __cdecl CButton_render(CButton *, CFrontEndComponent *);  /* auto */
00541F50 char __cdecl CButton_render_541F50(CButton *, CFrontEndComponent *);  /* auto */
005391F0 void __cdecl changeGui(int, int, CFrontEndComponent *);  /* auto */
00532670 char __cdecl CClickButton_render_532670(CButton *, CFrontEndComponent *);  /* auto */
005329A0 char renderButtonsText_5329A0(int, uint8_t, RenderButtonTextInfo *, int);  /* auto */
00533570 char bakeButton(int, uint8_t, int);  // -----  /* auto */
00538000 void __cdecl CButton_handleLeftClick_538000(int, int, CFrontEndComponent *);  /* auto */
005384F0 void __cdecl CFrontEndComponent_subTickMainGui(CFrontEndComponent *);  /* auto */
00546830 BOOL __cdecl CListBox_renderTableStr(CListBox *, CFrontEndComponent *);  /* auto */

# CGuiManager.h
0052B8F0 int createElements(WindowCfg **, CDefaultPlayerInterface *);  /* auto */

# MyUnk67457C
0061C090 int sub_61C090();  // -----------------------  /* auto */

# MyUnk673FD0
0060D630 void destructor();  // ----------------------  /* auto */

# memory_debug
00637BB0 void *__cdecl _malloc_1(size_t);  // --------  /* auto */
00637BD0 uint32_t *__cdecl __nh_malloc(size_t, int);    /* auto */
00638350 void __cdecl _free(void *);  // -------------  /* auto */
00637A00 void *__cdecl _realloc(void *, size_t);  // -  /* auto */
00638650 void *__cdecl _calloc(size_t, size_t);  // --  /* auto */
006393F0 size_t __cdecl __msize(void *);  // ---------  /* auto */

# MyHeap
0057CEB0 void *__cdecl MyHeap_alloc(int);  // --------  /* auto */
0057D0B0 void __cdecl MyHeap_free(void *);  // -------  /* auto */

# MyCESurfHandle
00590EC0 void resolveSurface();  // ------------------  /* auto */

# MyScaledSurface
0057C420 void constructor(MyDblNamedSurface *, int);    /* auto */


